---
source: coreclient/src/chats/messages/persistence.rs
expression: diag
---
a2                   # map(2)
   67                #   text(7)
      76657273696f6e #     "version"
   01                #   unsigned(1)
   67                #   text(7)
      636f6e74656e74 #     "content"
   98 37             #   array(55)
      01             #     unsigned(1)
      18 87          #     unsigned(135)
      18 50          #     unsigned(80)
      00             #     unsigned(0)
      00             #     unsigned(0)
      00             #     unsigned(0)
      00             #     unsigned(0)
      00             #     unsigned(0)
      00             #     unsigned(0)
      00             #     unsigned(0)
      00             #     unsigned(0)
      00             #     unsigned(0)
      00             #     unsigned(0)
      00             #     unsigned(0)
      00             #     unsigned(0)
      00             #     unsigned(0)
      00             #     unsigned(0)
      00             #     unsigned(0)
      00             #     unsigned(0)
      18 f6          #     unsigned(246)
      18 40          #     unsigned(64)
      18 f6          #     unsigned(246)
      18 f6          #     unsigned(246)
      18 a0          #     unsigned(160)
      18 85          #     unsigned(133)
      01             #     unsigned(1)
      18 60          #     unsigned(96)
      01             #     unsigned(1)
      18 6d          #     unsigned(109)
      18 74          #     unsigned(116)
      18 65          #     unsigned(101)
      18 78          #     unsigned(120)
      18 74          #     unsigned(116)
      18 2f          #     unsigned(47)
      18 6d          #     unsigned(109)
      18 61          #     unsigned(97)
      18 72          #     unsigned(114)
      18 6b          #     unsigned(107)
      18 64          #     unsigned(100)
      18 6f          #     unsigned(111)
      18 77          #     unsigned(119)
      18 6e          #     unsigned(110)
      18 4c          #     unsigned(76)
      18 48          #     unsigned(72)
      18 65          #     unsigned(101)
      18 6c          #     unsigned(108)
      18 6c          #     unsigned(108)
      18 6f          #     unsigned(111)
      18 20          #     unsigned(32)
      18 77          #     unsigned(119)
      18 6f          #     unsigned(111)
      18 72          #     unsigned(114)
      18 6c          #     unsigned(108)
      18 64          #     unsigned(100)
      18 21          #     unsigned(33)
