---
source: backend/src/auth_service/privacy_pass.rs
expression: diag
---
a2          # map(2)
   62       #   text(2)
      736b  #     "sk"
   98 20    #   array(32)
      18 c3 #     unsigned(195)
      18 6b #     unsigned(107)
      18 38 #     unsigned(56)
      18 2f #     unsigned(47)
      05    #     unsigned(5)
      18 c5 #     unsigned(197)
      18 1b #     unsigned(27)
      18 7e #     unsigned(126)
      18 cb #     unsigned(203)
      18 84 #     unsigned(132)
      18 d4 #     unsigned(212)
      18 c8 #     unsigned(200)
      18 d5 #     unsigned(213)
      18 7f #     unsigned(127)
      18 e9 #     unsigned(233)
      18 92 #     unsigned(146)
      18 98 #     unsigned(152)
      0e    #     unsigned(14)
      18 40 #     unsigned(64)
      18 76 #     unsigned(118)
      18 b9 #     unsigned(185)
      18 e4 #     unsigned(228)
      18 da #     unsigned(218)
      18 87 #     unsigned(135)
      18 d0 #     unsigned(208)
      02    #     unsigned(2)
      18 71 #     unsigned(113)
      18 2c #     unsigned(44)
      12    #     unsigned(18)
      18 87 #     unsigned(135)
      18 ad #     unsigned(173)
      01    #     unsigned(1)
   62       #   text(2)
      706b  #     "pk"
   98 20    #   array(32)
      18 88 #     unsigned(136)
      18 f9 #     unsigned(249)
      18 c7 #     unsigned(199)
      18 d1 #     unsigned(209)
      18 e0 #     unsigned(224)
      18 d2 #     unsigned(210)
      18 7f #     unsigned(127)
      18 e0 #     unsigned(224)
      18 45 #     unsigned(69)
      06    #     unsigned(6)
      18 48 #     unsigned(72)
      11    #     unsigned(17)
      18 5b #     unsigned(91)
      18 33 #     unsigned(51)
      18 eb #     unsigned(235)
      0f    #     unsigned(15)
      18 4a #     unsigned(74)
      18 a1 #     unsigned(161)
      18 bf #     unsigned(191)
      18 29 #     unsigned(41)
      18 da #     unsigned(218)
      12    #     unsigned(18)
      18 c9 #     unsigned(201)
      18 d4 #     unsigned(212)
      18 db #     unsigned(219)
      18 44 #     unsigned(68)
      18 61 #     unsigned(97)
      18 85 #     unsigned(133)
      18 f7 #     unsigned(247)
      18 be #     unsigned(190)
      18 e1 #     unsigned(225)
      18 35 #     unsigned(53)
