---
source: backend/src/ds/attachments.rs
expression: response
---
Ok(
    ProvisionAttachmentResponse {
        attachment_id: Some(
            Uuid {
                lo: 12132202258379663753,
                hi: 13425828374924906382,
            },
        ),
        upload_url_expiration: Some(
            ExpirationData {
                not_before: Some(
                    Timestamp {
                        seconds: 1672531200,
                        nanos: 0,
                    },
                ),
                not_after: Some(
                    Timestamp {
                        seconds: 1672531260,
                        nanos: 0,
                    },
                ),
            },
        ),
        upload_url: "https://data.region.example.com/ba521fc61ec24f8ea85e3dacc1e96989?x-id=PutObject&X-Amz-Algorithm=AWS4-HMAC-SHA256&X-Amz-Credential=EXAMPLEKEY%2F20230101%2Fexample-region%2Fs3%2Faws4_request&X-Amz-Date=20230101T000000Z&X-Amz-Expires=60&X-Amz-SignedHeaders=content-length%3Bhost&X-Amz-Signature=15bb1dd360f2748e78292d899b1afeec83115ed9786fe82d86454b65571ce8fb",
        upload_headers: [
            HeaderEntry {
                key: "content-length",
                value: "42",
            },
        ],
        post_policy: None,
    },
)
