---
source: backend/src/ds/attachments.rs
expression: response
---
ProvisionAttachmentResponse {
    object_id: Some(
        Uuid {
            lo: 12132202258379663753,
            hi: 13425828374924906382,
        },
    ),
    upload_url_expiration: Some(
        ExpirationData {
            not_before: Some(
                Timestamp {
                    seconds: 1672531200,
                    nanos: 0,
                },
            ),
            not_after: Some(
                Timestamp {
                    seconds: 1672531260,
                    nanos: 0,
                },
            ),
        },
    ),
    upload_url: "https://region.example.com/some-bucket",
    upload_headers: [],
    post_policy: Some(
        SignedPostPolicy {
            base64: "eyJleHBpcmF0aW9uIjoiMjAyMy0wMS0wMVQwMDowMTowMFoiLCJjb25kaXRpb25zIjpbeyJidWNrZXQiOiJzb21lLWJ1Y2tldCJ9LHsia2V5IjoiYXR0YWNobWVudHMvYmE1MjFmYzYxZWMyNGY4ZWE4NWUzZGFjYzFlOTY5ODkifSxbImNvbnRlbnQtbGVuZ3RoLXJhbmdlIiwwLDIwOTcxNTIwXSx7IngtYW16LWNyZWRlbnRpYWwiOiJFWEFNUExFS0VZLzIwMjMwMTAxL2V4YW1wbGUtcmVnaW9uL3MzL2F3czRfcmVxdWVzdCJ9LHsieC1hbXotYWxnb3JpdGhtIjoiQVdTNC1ITUFDLVNIQTI1NiJ9LHsieC1hbXotZGF0ZSI6IjIwMjMwMTAxVDAwMDAwMFoifV19",
            signature: "5dbe7aa446ea848f8a1d26fd0283a65ef723c93cbeddd1ac23a4ca215f64cb4a",
        },
    ),
}
